<?xml version="1.0" encoding="UTF-8"?>
<testsuites name="jest tests" tests="57" failures="0" errors="0" time="98.615">
  <testsuite name="EnhancedSkeleton Component" errors="0" failures="0" skipped="0" timestamp="2025-09-02T13:56:22" time="21.509" tests="7">
    <testcase classname="EnhancedSkeleton Component CardSkeleton renders card skeleton with title" name="EnhancedSkeleton Component CardSkeleton renders card skeleton with title" time="1.013">
    </testcase>
    <testcase classname="EnhancedSkeleton Component CardSkeleton renders card skeleton without title" name="EnhancedSkeleton Component CardSkeleton renders card skeleton without title" time="0.097">
    </testcase>
    <testcase classname="EnhancedSkeleton Component ListItemSkeleton renders list item skeleton" name="EnhancedSkeleton Component ListItemSkeleton renders list item skeleton" time="0.023">
    </testcase>
    <testcase classname="EnhancedSkeleton Component TableSkeleton renders table skeleton with rows" name="EnhancedSkeleton Component TableSkeleton renders table skeleton with rows" time="0.28">
    </testcase>
    <testcase classname="EnhancedSkeleton Component TableSkeleton renders table skeleton with default rows" name="EnhancedSkeleton Component TableSkeleton renders table skeleton with default rows" time="0.186">
    </testcase>
    <testcase classname="EnhancedSkeleton Component DashboardSkeleton renders dashboard skeleton" name="EnhancedSkeleton Component DashboardSkeleton renders dashboard skeleton" time="0.177">
    </testcase>
    <testcase classname="EnhancedSkeleton Component ChatSkeleton renders chat skeleton" name="EnhancedSkeleton Component ChatSkeleton renders chat skeleton" time="0.07">
    </testcase>
  </testsuite>
  <testsuite name="EnhancedSkeleton Integration Tests" errors="0" failures="0" skipped="0" timestamp="2025-09-02T13:56:23" time="23.446" tests="11">
    <testcase classname="EnhancedSkeleton Integration Tests Real Component Rendering renders real CardSkeleton component" name="EnhancedSkeleton Integration Tests Real Component Rendering renders real CardSkeleton component" time="0.636">
    </testcase>
    <testcase classname="EnhancedSkeleton Integration Tests Real Component Rendering renders real ListItemSkeleton component" name="EnhancedSkeleton Integration Tests Real Component Rendering renders real ListItemSkeleton component" time="0.066">
    </testcase>
    <testcase classname="EnhancedSkeleton Integration Tests Real Component Rendering renders real TableSkeleton component with custom rows" name="EnhancedSkeleton Integration Tests Real Component Rendering renders real TableSkeleton component with custom rows" time="0.38">
    </testcase>
    <testcase classname="EnhancedSkeleton Integration Tests Real Component Rendering renders real DashboardSkeleton component" name="EnhancedSkeleton Integration Tests Real Component Rendering renders real DashboardSkeleton component" time="0.38">
    </testcase>
    <testcase classname="EnhancedSkeleton Integration Tests Real Component Rendering renders real ChatSkeleton component" name="EnhancedSkeleton Integration Tests Real Component Rendering renders real ChatSkeleton component" time="0.119">
    </testcase>
    <testcase classname="EnhancedSkeleton Integration Tests Component Props and Customization renders CardSkeleton with custom height and animation" name="EnhancedSkeleton Integration Tests Component Props and Customization renders CardSkeleton with custom height and animation" time="0.044">
    </testcase>
    <testcase classname="EnhancedSkeleton Integration Tests Component Props and Customization renders TableSkeleton with different row counts" name="EnhancedSkeleton Integration Tests Component Props and Customization renders TableSkeleton with different row counts" time="0.161">
    </testcase>
    <testcase classname="EnhancedSkeleton Integration Tests Material-UI Integration uses correct Material-UI classes and styling" name="EnhancedSkeleton Integration Tests Material-UI Integration uses correct Material-UI classes and styling" time="0.037">
    </testcase>
    <testcase classname="EnhancedSkeleton Integration Tests Material-UI Integration applies theme-based styling correctly" name="EnhancedSkeleton Integration Tests Material-UI Integration applies theme-based styling correctly" time="0.044">
    </testcase>
    <testcase classname="EnhancedSkeleton Integration Tests Accessibility and Performance renders without accessibility violations" name="EnhancedSkeleton Integration Tests Accessibility and Performance renders without accessibility violations" time="0.132">
    </testcase>
    <testcase classname="EnhancedSkeleton Integration Tests Accessibility and Performance handles multiple instances without conflicts" name="EnhancedSkeleton Integration Tests Accessibility and Performance handles multiple instances without conflicts" time="0.154">
    </testcase>
  </testsuite>
  <testsuite name="TaskQueue Component" errors="0" failures="0" skipped="0" timestamp="2025-09-02T13:56:46" time="1.286" tests="3">
    <testcase classname="TaskQueue Component Rendering renders task queue with sections" name="TaskQueue Component Rendering renders task queue with sections" time="0.07">
    </testcase>
    <testcase classname="TaskQueue Component Rendering displays basic structure" name="TaskQueue Component Rendering displays basic structure" time="0.006">
    </testcase>
    <testcase classname="TaskQueue Component Rendering shows component content" name="TaskQueue Component Rendering shows component content" time="0.014">
    </testcase>
  </testsuite>
  <testsuite name="AgentHub Component" errors="0" failures="0" skipped="0" timestamp="2025-09-02T13:56:48" time="1.168" tests="3">
    <testcase classname="AgentHub Component Rendering renders basic component structure" name="AgentHub Component Rendering renders basic component structure" time="0.101">
    </testcase>
    <testcase classname="AgentHub Component Rendering displays component content" name="AgentHub Component Rendering displays component content" time="0.018">
    </testcase>
    <testcase classname="AgentHub Component Rendering shows component layout" name="AgentHub Component Rendering shows component layout" time="0.007">
    </testcase>
  </testsuite>
  <testsuite name="SmartCommandBar Component" errors="0" failures="0" skipped="0" timestamp="2025-09-02T13:56:48" time="0.898" tests="3">
    <testcase classname="SmartCommandBar Component Rendering renders basic component structure" name="SmartCommandBar Component Rendering renders basic component structure" time="0.042">
    </testcase>
    <testcase classname="SmartCommandBar Component Rendering displays component content" name="SmartCommandBar Component Rendering displays component content" time="0.01">
    </testcase>
    <testcase classname="SmartCommandBar Component Rendering shows component layout" name="SmartCommandBar Component Rendering shows component layout" time="0.004">
    </testcase>
  </testsuite>
  <testsuite name="API Utility Functions Unit Tests" errors="0" failures="0" skipped="0" timestamp="2025-09-02T13:56:49" time="1.339" tests="23">
    <testcase classname="API Utility Functions Unit Tests Properties API should fetch properties with filters" name="API Utility Functions Unit Tests Properties API should fetch properties with filters" time="0.007">
    </testcase>
    <testcase classname="API Utility Functions Unit Tests Properties API should handle empty filters" name="API Utility Functions Unit Tests Properties API should handle empty filters" time="0.001">
    </testcase>
    <testcase classname="API Utility Functions Unit Tests Chat API should send message without file upload" name="API Utility Functions Unit Tests Chat API should send message without file upload" time="0.002">
    </testcase>
    <testcase classname="API Utility Functions Unit Tests Chat API should send message with file upload" name="API Utility Functions Unit Tests Chat API should send message with file upload" time="0.001">
    </testcase>
    <testcase classname="API Utility Functions Unit Tests Phase 3 API Functions should detect entities" name="API Utility Functions Unit Tests Phase 3 API Functions should detect entities" time="0.004">
    </testcase>
    <testcase classname="API Utility Functions Unit Tests Phase 3 API Functions should fetch entity context" name="API Utility Functions Unit Tests Phase 3 API Functions should fetch entity context" time="0.001">
    </testcase>
    <testcase classname="API Utility Functions Unit Tests Phase 3 API Functions should get property details" name="API Utility Functions Unit Tests Phase 3 API Functions should get property details" time="0.002">
    </testcase>
    <testcase classname="API Utility Functions Unit Tests Phase 3 API Functions should get client info" name="API Utility Functions Unit Tests Phase 3 API Functions should get client info" time="0.001">
    </testcase>
    <testcase classname="API Utility Functions Unit Tests Phase 3 API Functions should get market context" name="API Utility Functions Unit Tests Phase 3 API Functions should get market context" time="0.002">
    </testcase>
    <testcase classname="API Utility Functions Unit Tests Phase 3 API Functions should batch fetch context" name="API Utility Functions Unit Tests Phase 3 API Functions should batch fetch context" time="0.018">
    </testcase>
    <testcase classname="API Utility Functions Unit Tests Phase 3 API Functions should clear context cache" name="API Utility Functions Unit Tests Phase 3 API Functions should clear context cache" time="0.001">
    </testcase>
    <testcase classname="API Utility Functions Unit Tests Phase 3 API Functions should get Phase 3 health" name="API Utility Functions Unit Tests Phase 3 API Functions should get Phase 3 health" time="0.001">
    </testcase>
    <testcase classname="API Utility Functions Unit Tests Error Handling should handle 401 errors" name="API Utility Functions Unit Tests Error Handling should handle 401 errors" time="0.001">
    </testcase>
    <testcase classname="API Utility Functions Unit Tests Error Handling should handle 403 errors" name="API Utility Functions Unit Tests Error Handling should handle 403 errors" time="0.005">
    </testcase>
    <testcase classname="API Utility Functions Unit Tests Error Handling should handle 404 errors" name="API Utility Functions Unit Tests Error Handling should handle 404 errors" time="0.001">
    </testcase>
    <testcase classname="API Utility Functions Unit Tests Error Handling should handle 422 errors" name="API Utility Functions Unit Tests Error Handling should handle 422 errors" time="0.001">
    </testcase>
    <testcase classname="API Utility Functions Unit Tests Error Handling should handle 500 errors" name="API Utility Functions Unit Tests Error Handling should handle 500 errors" time="0.001">
    </testcase>
    <testcase classname="API Utility Functions Unit Tests Error Handling should handle network errors" name="API Utility Functions Unit Tests Error Handling should handle network errors" time="0.001">
    </testcase>
    <testcase classname="API Utility Functions Unit Tests Error Handling should handle unexpected errors" name="API Utility Functions Unit Tests Error Handling should handle unexpected errors" time="0.001">
    </testcase>
    <testcase classname="API Utility Functions Unit Tests Error Handling should handle errors with custom detail messages" name="API Utility Functions Unit Tests Error Handling should handle errors with custom detail messages" time="0">
    </testcase>
    <testcase classname="API Utility Functions Unit Tests API Configuration should have proper base URL" name="API Utility Functions Unit Tests API Configuration should have proper base URL" time="0.001">
    </testcase>
    <testcase classname="API Utility Functions Unit Tests API Configuration should have proper headers" name="API Utility Functions Unit Tests API Configuration should have proper headers" time="0.03">
    </testcase>
    <testcase classname="API Utility Functions Unit Tests API Configuration should have proper timeout" name="API Utility Functions Unit Tests API Configuration should have proper timeout" time="0.001">
    </testcase>
  </testsuite>
  <testsuite name="Test Utilities" errors="0" failures="0" skipped="0" timestamp="2025-09-02T13:56:49" time="1.65" tests="3">
    <testcase classname="Test Utilities renders a simple component" name="Test Utilities renders a simple component" time="0.071">
    </testcase>
    <testcase classname="Test Utilities provides mock data" name="Test Utilities provides mock data" time="0.001">
    </testcase>
    <testcase classname="Test Utilities provides mock API functions" name="Test Utilities provides mock API functions" time="0.003">
    </testcase>
  </testsuite>
  <testsuite name="TaskQueue Real Component Tests" errors="0" failures="0" skipped="0" timestamp="2025-09-02T13:56:22" time="86.483" tests="4">
    <testcase classname="TaskQueue Real Component Tests Basic Component Rendering renders the TaskQueue component without crashing" name="TaskQueue Real Component Tests Basic Component Rendering renders the TaskQueue component without crashing" time="0.515">
    </testcase>
    <testcase classname="TaskQueue Real Component Tests Basic Component Rendering displays the component title" name="TaskQueue Real Component Tests Basic Component Rendering displays the component title" time="0.15">
    </testcase>
    <testcase classname="TaskQueue Real Component Tests Component Structure has the expected Material-UI components" name="TaskQueue Real Component Tests Component Structure has the expected Material-UI components" time="0.094">
    </testcase>
    <testcase classname="TaskQueue Real Component Tests Error Handling handles rendering gracefully" name="TaskQueue Real Component Tests Error Handling handles rendering gracefully" time="0.02">
    </testcase>
  </testsuite>
</testsuites>